Archive member included because of file (symbol)

c:/freescale/kds_3.0.0/toolchain/bin/../lib/gcc/arm-none-eabi/4.8.4/../../../../arm-none-eabi/lib/armv7e-m/fpu\libg_s.a(lib_a-exit.o)
                              c:/freescale/kds_3.0.0/toolchain/bin/../lib/gcc/arm-none-eabi/4.8.4/../../../../arm-none-eabi/lib/armv7e-m/fpu/crt0.o (exit)
c:/freescale/kds_3.0.0/toolchain/bin/../lib/gcc/arm-none-eabi/4.8.4/../../../../arm-none-eabi/lib/armv7e-m/fpu\libg_s.a(lib_a-impure.o)
                              c:/freescale/kds_3.0.0/toolchain/bin/../lib/gcc/arm-none-eabi/4.8.4/../../../../arm-none-eabi/lib/armv7e-m/fpu\libg_s.a(lib_a-exit.o) (_global_impure_ptr)
c:/freescale/kds_3.0.0/toolchain/bin/../lib/gcc/arm-none-eabi/4.8.4/../../../../arm-none-eabi/lib/armv7e-m/fpu\libg_s.a(lib_a-init.o)
                              c:/freescale/kds_3.0.0/toolchain/bin/../lib/gcc/arm-none-eabi/4.8.4/../../../../arm-none-eabi/lib/armv7e-m/fpu/crt0.o (__libc_init_array)
c:/freescale/kds_3.0.0/toolchain/bin/../lib/gcc/arm-none-eabi/4.8.4/../../../../arm-none-eabi/lib/armv7e-m/fpu\libg_s.a(lib_a-memset.o)
                              c:/freescale/kds_3.0.0/toolchain/bin/../lib/gcc/arm-none-eabi/4.8.4/../../../../arm-none-eabi/lib/armv7e-m/fpu/crt0.o (memset)
c:/freescale/kds_3.0.0/toolchain/bin/../lib/gcc/arm-none-eabi/4.8.4/../../../../arm-none-eabi/lib/armv7e-m/fpu\libnosys.a(_exit.o)
                              c:/freescale/kds_3.0.0/toolchain/bin/../lib/gcc/arm-none-eabi/4.8.4/../../../../arm-none-eabi/lib/armv7e-m/fpu\libg_s.a(lib_a-exit.o) (_exit)

Allocating common symbols
Common symbol       size              file

baudRate            0x4               ./Sources/I2C.o
AccelerometerValues
                    0x3               ./Sources/main.o
Packet              0x5               ./Sources/packet.o
Accelerometer       0x14              ./Sources/main.o
aI2CModule          0x10              ./Sources/main.o
TxFIFO              0x106             ./Sources/UART.o
Mode                0x2               ./Sources/main.o
RANDOM              0x4               ./Sources/RNG.o
ThisTimer           0x10              ./Sources/main.o
RxFIFO              0x106             ./Sources/UART.o
Number              0x2               ./Sources/main.o
ThisPrimarySlaveAddress
                    0x1               ./Sources/I2C.o
mul                 0x1               ./Sources/I2C.o
SR_reg              0x1               ./Generated_Code/Cpu.o
icr                 0x1               ./Sources/I2C.o
seconds             0x1               ./Sources/main.o
Global_modClock     0x4               ./Sources/PIT.o
error               0x4               ./Sources/I2C.o
minutes             0x1               ./Sources/main.o
hours               0x1               ./Sources/main.o
pMode               0x1               ./Sources/main.o

Discarded input sections

 .text          0x00000000        0x0 c:/freescale/kds_3.0.0/toolchain/bin/../lib/gcc/arm-none-eabi/4.8.4/armv7e-m/fpu/crti.o
 .data          0x00000000        0x0 c:/freescale/kds_3.0.0/toolchain/bin/../lib/gcc/arm-none-eabi/4.8.4/armv7e-m/fpu/crti.o
 .bss           0x00000000        0x0 c:/freescale/kds_3.0.0/toolchain/bin/../lib/gcc/arm-none-eabi/4.8.4/armv7e-m/fpu/crti.o
 .data          0x00000000        0x4 c:/freescale/kds_3.0.0/toolchain/bin/../lib/gcc/arm-none-eabi/4.8.4/armv7e-m/fpu/crtbegin.o
 .data          0x00000000        0x0 c:/freescale/kds_3.0.0/toolchain/bin/../lib/gcc/arm-none-eabi/4.8.4/../../../../arm-none-eabi/lib/armv7e-m/fpu/crt0.o
 .bss           0x00000000        0x0 c:/freescale/kds_3.0.0/toolchain/bin/../lib/gcc/arm-none-eabi/4.8.4/../../../../arm-none-eabi/lib/armv7e-m/fpu/crt0.o
 .ARM.extab     0x00000000        0x0 c:/freescale/kds_3.0.0/toolchain/bin/../lib/gcc/arm-none-eabi/4.8.4/../../../../arm-none-eabi/lib/armv7e-m/fpu/crt0.o
 .group         0x00000000        0x8 ./Sources/Debounce.o
 .text          0x00000000        0x0 ./Sources/Debounce.o
 .data          0x00000000        0x0 ./Sources/Debounce.o
 .bss           0x00000000        0x0 ./Sources/Debounce.o
 .debug_info    0x00000000       0x21 ./Sources/Debounce.o
 .debug_abbrev  0x00000000       0x13 ./Sources/Debounce.o
 .debug_aranges
                0x00000000       0x18 ./Sources/Debounce.o
 .debug_macro   0x00000000       0x11 ./Sources/Debounce.o
 .debug_macro   0x00000000      0x850 ./Sources/Debounce.o
 .debug_line    0x00000000       0x36 ./Sources/Debounce.o
 .debug_str     0x00000000     0x241c ./Sources/Debounce.o
 .comment       0x00000000       0x71 ./Sources/Debounce.o
 .ARM.attributes
                0x00000000       0x39 ./Sources/Debounce.o
 .group         0x00000000        0x8 ./Sources/Events.o
 .group         0x00000000        0x8 ./Sources/Events.o
 .group         0x00000000        0x8 ./Sources/Events.o
 .group         0x00000000        0x8 ./Sources/Events.o
 .group         0x00000000        0x8 ./Sources/Events.o
 .group         0x00000000        0x8 ./Sources/Events.o
 .group         0x00000000        0x8 ./Sources/Events.o
 .group         0x00000000        0x8 ./Sources/Events.o
 .group         0x00000000        0x8 ./Sources/Events.o
 .text          0x00000000        0x0 ./Sources/Events.o
 .data          0x00000000        0x0 ./Sources/Events.o
 .bss           0x00000000        0x0 ./Sources/Events.o
 .debug_info    0x00000000       0x7d ./Sources/Events.o
 .debug_abbrev  0x00000000       0x29 ./Sources/Events.o
 .debug_aranges
                0x00000000       0x18 ./Sources/Events.o
 .debug_macro   0x00000000       0x9f ./Sources/Events.o
 .debug_macro   0x00000000      0x850 ./Sources/Events.o
 .debug_macro   0x00000000       0x16 ./Sources/Events.o
 .debug_macro   0x00000000       0x44 ./Sources/Events.o
 .debug_macro   0x00000000      0x209 ./Sources/Events.o
 .debug_macro   0x00000000     0x17fa ./Sources/Events.o
 .debug_macro   0x00000000      0x14e ./Sources/Events.o
 .debug_macro   0x00000000       0x64 ./Sources/Events.o
 .debug_macro   0x00000000    0x174c1 ./Sources/Events.o
 .debug_macro   0x00000000       0x9a ./Sources/Events.o
 .debug_line    0x00000000      0x218 ./Sources/Events.o
 .debug_str     0x00000000    0x8a5eb ./Sources/Events.o
 .comment       0x00000000       0x71 ./Sources/Events.o
 .ARM.attributes
                0x00000000       0x39 ./Sources/Events.o
 .group         0x00000000        0x8 ./Sources/FIFO.o
 .group         0x00000000        0x8 ./Sources/FIFO.o
 .group         0x00000000        0x8 ./Sources/FIFO.o
 .group         0x00000000        0x8 ./Sources/FIFO.o
 .group         0x00000000        0x8 ./Sources/FIFO.o
 .group         0x00000000        0x8 ./Sources/FIFO.o
 .group         0x00000000        0x8 ./Sources/FIFO.o
 .group         0x00000000        0x8 ./Sources/FIFO.o
 .group         0x00000000        0x8 ./Sources/FIFO.o
 .text          0x00000000        0x0 ./Sources/FIFO.o
 .data          0x00000000        0x0 ./Sources/FIFO.o
 .bss           0x00000000        0x0 ./Sources/FIFO.o
 .debug_macro   0x00000000      0x850 ./Sources/FIFO.o
 .debug_macro   0x00000000       0x16 ./Sources/FIFO.o
 .debug_macro   0x00000000       0x44 ./Sources/FIFO.o
 .debug_macro   0x00000000      0x209 ./Sources/FIFO.o
 .debug_macro   0x00000000      0x14e ./Sources/FIFO.o
 .debug_macro   0x00000000       0x64 ./Sources/FIFO.o
 .debug_macro   0x00000000    0x174c1 ./Sources/FIFO.o
 .debug_macro   0x00000000       0x9a ./Sources/FIFO.o
 .group         0x00000000        0x8 ./Sources/FTM.o
 .group         0x00000000        0x8 ./Sources/FTM.o
 .group         0x00000000        0x8 ./Sources/FTM.o
 .group         0x00000000        0x8 ./Sources/FTM.o
 .group         0x00000000        0x8 ./Sources/FTM.o
 .text          0x00000000        0x0 ./Sources/FTM.o
 .data          0x00000000        0x0 ./Sources/FTM.o
 .bss           0x00000000        0x0 ./Sources/FTM.o
 .rodata.RATE   0x00000000        0x2 ./Sources/FTM.o
 .debug_macro   0x00000000      0x850 ./Sources/FTM.o
 .debug_macro   0x00000000       0x16 ./Sources/FTM.o
 .debug_macro   0x00000000       0x44 ./Sources/FTM.o
 .debug_macro   0x00000000      0x209 ./Sources/FTM.o
 .debug_macro   0x00000000    0x174c1 ./Sources/FTM.o
 .group         0x00000000        0x8 ./Sources/Flash.o
 .group         0x00000000        0x8 ./Sources/Flash.o
 .group         0x00000000        0x8 ./Sources/Flash.o
 .group         0x00000000        0x8 ./Sources/Flash.o
 .group         0x00000000        0x8 ./Sources/Flash.o
 .group         0x00000000        0x8 ./Sources/Flash.o
 .text          0x00000000        0x0 ./Sources/Flash.o
 .data          0x00000000        0x0 ./Sources/Flash.o
 .bss           0x00000000        0x0 ./Sources/Flash.o
 .bss.AddressBlock
                0x00000000       0x60 ./Sources/Flash.o
 .text.Flash_CheckBlock
                0x00000000       0x58 ./Sources/Flash.o
 .text.Flash_AllocateVar
                0x00000000       0xc4 ./Sources/Flash.o
 .debug_macro   0x00000000      0x850 ./Sources/Flash.o
 .debug_macro   0x00000000       0x16 ./Sources/Flash.o
 .debug_macro   0x00000000       0x44 ./Sources/Flash.o
 .debug_macro   0x00000000      0x209 ./Sources/Flash.o
 .debug_macro   0x00000000    0x174c1 ./Sources/Flash.o
 .group         0x00000000        0x8 ./Sources/Game.o
 .text          0x00000000        0x0 ./Sources/Game.o
 .data          0x00000000        0x0 ./Sources/Game.o
 .bss           0x00000000        0x0 ./Sources/Game.o
 .debug_info    0x00000000       0x21 ./Sources/Game.o
 .debug_abbrev  0x00000000       0x13 ./Sources/Game.o
 .debug_aranges
                0x00000000       0x18 ./Sources/Game.o
 .debug_macro   0x00000000       0x11 ./Sources/Game.o
 .debug_macro   0x00000000      0x850 ./Sources/Game.o
 .debug_line    0x00000000       0x32 ./Sources/Game.o
 .debug_str     0x00000000     0x2418 ./Sources/Game.o
 .comment       0x00000000       0x71 ./Sources/Game.o
 .ARM.attributes
                0x00000000       0x39 ./Sources/Game.o
 .group         0x00000000        0x8 ./Sources/I2C.o
 .group         0x00000000        0x8 ./Sources/I2C.o
 .group         0x00000000        0x8 ./Sources/I2C.o
 .group         0x00000000        0x8 ./Sources/I2C.o
 .group         0x00000000        0x8 ./Sources/I2C.o
 .group         0x00000000        0x8 ./Sources/I2C.o
 .group         0x00000000        0x8 ./Sources/I2C.o
 .group         0x00000000        0x8 ./Sources/I2C.o
 .group         0x00000000        0x8 ./Sources/I2C.o
 .group         0x00000000        0x8 ./Sources/I2C.o
 .group         0x00000000        0x8 ./Sources/I2C.o
 .group         0x00000000        0x8 ./Sources/I2C.o
 .group         0x00000000        0x8 ./Sources/I2C.o
 .group         0x00000000        0x8 ./Sources/I2C.o
 .group         0x00000000        0x8 ./Sources/I2C.o
 .group         0x00000000        0x8 ./Sources/I2C.o
 .text          0x00000000        0x0 ./Sources/I2C.o
 .data          0x00000000        0x0 ./Sources/I2C.o
 .bss           0x00000000        0x0 ./Sources/I2C.o
 .text.I2C_IntRead
                0x00000000       0x50 ./Sources/I2C.o
 .debug_macro   0x00000000      0x850 ./Sources/I2C.o
 .debug_macro   0x00000000       0x16 ./Sources/I2C.o
 .debug_macro   0x00000000       0x44 ./Sources/I2C.o
 .debug_macro   0x00000000      0x209 ./Sources/I2C.o
 .debug_macro   0x00000000    0x174c1 ./Sources/I2C.o
 .group         0x00000000        0x8 ./Sources/LEDS.o
 .group         0x00000000        0x8 ./Sources/LEDS.o
 .group         0x00000000        0x8 ./Sources/LEDS.o
 .group         0x00000000        0x8 ./Sources/LEDS.o
 .group         0x00000000        0x8 ./Sources/LEDS.o
 .text          0x00000000        0x0 ./Sources/LEDS.o
 .data          0x00000000        0x0 ./Sources/LEDS.o
 .bss           0x00000000        0x0 ./Sources/LEDS.o
 .debug_macro   0x00000000      0x850 ./Sources/LEDS.o
 .debug_macro   0x00000000       0x16 ./Sources/LEDS.o
 .debug_macro   0x00000000       0x44 ./Sources/LEDS.o
 .debug_macro   0x00000000      0x209 ./Sources/LEDS.o
 .debug_macro   0x00000000    0x174c1 ./Sources/LEDS.o
 .group         0x00000000        0x8 ./Sources/PIT.o
 .group         0x00000000        0x8 ./Sources/PIT.o
 .group         0x00000000        0x8 ./Sources/PIT.o
 .group         0x00000000        0x8 ./Sources/PIT.o
 .group         0x00000000        0x8 ./Sources/PIT.o
 .group         0x00000000        0x8 ./Sources/PIT.o
 .group         0x00000000        0x8 ./Sources/PIT.o
 .group         0x00000000        0x8 ./Sources/PIT.o
 .group         0x00000000        0x8 ./Sources/PIT.o
 .text          0x00000000        0x0 ./Sources/PIT.o
 .data          0x00000000        0x0 ./Sources/PIT.o
 .bss           0x00000000        0x0 ./Sources/PIT.o
 .debug_macro   0x00000000      0x850 ./Sources/PIT.o
 .debug_macro   0x00000000       0x16 ./Sources/PIT.o
 .debug_macro   0x00000000       0x44 ./Sources/PIT.o
 .debug_macro   0x00000000      0x209 ./Sources/PIT.o
 .debug_macro   0x00000000    0x174c1 ./Sources/PIT.o
 .debug_macro   0x00000000     0x1800 ./Sources/PIT.o
 .debug_macro   0x00000000      0x14e ./Sources/PIT.o
 .debug_macro   0x00000000       0x64 ./Sources/PIT.o
 .debug_macro   0x00000000       0x9a ./Sources/PIT.o
 .group         0x00000000        0x8 ./Sources/RNG.o
 .group         0x00000000        0x8 ./Sources/RNG.o
 .group         0x00000000        0x8 ./Sources/RNG.o
 .group         0x00000000        0x8 ./Sources/RNG.o
 .group         0x00000000        0x8 ./Sources/RNG.o
 .group         0x00000000        0x8 ./Sources/RNG.o
 .group         0x00000000        0x8 ./Sources/RNG.o
 .group         0x00000000        0x8 ./Sources/RNG.o
 .group         0x00000000        0x8 ./Sources/RNG.o
 .text          0x00000000        0x0 ./Sources/RNG.o
 .data          0x00000000        0x0 ./Sources/RNG.o
 .bss           0x00000000        0x0 ./Sources/RNG.o
 .text.RNG_Init
                0x00000000       0x54 ./Sources/RNG.o
 .text.RNG_Get  0x00000000       0x2c ./Sources/RNG.o
 .text.RNG_Poll
                0x00000000       0x24 ./Sources/RNG.o
 .debug_info    0x00000000      0x360 ./Sources/RNG.o
 .debug_abbrev  0x00000000      0x123 ./Sources/RNG.o
 .debug_aranges
                0x00000000       0x30 ./Sources/RNG.o
 .debug_ranges  0x00000000       0x20 ./Sources/RNG.o
 .debug_macro   0x00000000       0x97 ./Sources/RNG.o
 .debug_macro   0x00000000      0x850 ./Sources/RNG.o
 .debug_macro   0x00000000       0x16 ./Sources/RNG.o
 .debug_macro   0x00000000       0x44 ./Sources/RNG.o
 .debug_macro   0x00000000      0x209 ./Sources/RNG.o
 .debug_macro   0x00000000     0x1800 ./Sources/RNG.o
 .debug_macro   0x00000000      0x14e ./Sources/RNG.o
 .debug_macro   0x00000000       0x64 ./Sources/RNG.o
 .debug_macro   0x00000000    0x174c1 ./Sources/RNG.o
 .debug_macro   0x00000000       0x9a ./Sources/RNG.o
 .debug_line    0x00000000      0x26b ./Sources/RNG.o
 .debug_str     0x00000000    0x8a748 ./Sources/RNG.o
 .comment       0x00000000       0x71 ./Sources/RNG.o
 .ARM.attributes
                0x00000000       0x39 ./Sources/RNG.o
 .debug_frame   0x00000000       0x5c ./Sources/RNG.o
 COMMON         0x00000000        0x4 ./Sources/RNG.o
 .group         0x00000000        0x8 ./Sources/RTC.o
 .group         0x00000000        0x8 ./Sources/RTC.o
 .group         0x00000000        0x8 ./Sources/RTC.o
 .group         0x00000000        0x8 ./Sources/RTC.o
 .group         0x00000000        0x8 ./Sources/RTC.o
 .group         0x00000000        0x8 ./Sources/RTC.o
 .group         0x00000000        0x8 ./Sources/RTC.o
 .group         0x00000000        0x8 ./Sources/RTC.o
 .group         0x00000000        0x8 ./Sources/RTC.o
 .text          0x00000000        0x0 ./Sources/RTC.o
 .data          0x00000000        0x0 ./Sources/RTC.o
 .bss           0x00000000        0x0 ./Sources/RTC.o
 .debug_macro   0x00000000      0x850 ./Sources/RTC.o
 .debug_macro   0x00000000       0x16 ./Sources/RTC.o
 .debug_macro   0x00000000       0x44 ./Sources/RTC.o
 .debug_macro   0x00000000      0x209 ./Sources/RTC.o
 .debug_macro   0x00000000    0x174c1 ./Sources/RTC.o
 .debug_macro   0x00000000     0x1800 ./Sources/RTC.o
 .debug_macro   0x00000000      0x14e ./Sources/RTC.o
 .debug_macro   0x00000000       0x64 ./Sources/RTC.o
 .debug_macro   0x00000000       0x9a ./Sources/RTC.o
 .group         0x00000000        0x8 ./Sources/TSI.o
 .group         0x00000000        0x8 ./Sources/TSI.o
 .group         0x00000000        0x8 ./Sources/TSI.o
 .group         0x00000000        0x8 ./Sources/TSI.o
 .group         0x00000000        0x8 ./Sources/TSI.o
 .group         0x00000000        0x8 ./Sources/TSI.o
 .group         0x00000000        0x8 ./Sources/TSI.o
 .group         0x00000000        0x8 ./Sources/TSI.o
 .group         0x00000000        0x8 ./Sources/TSI.o
 .text          0x00000000        0x0 ./Sources/TSI.o
 .data          0x00000000        0x0 ./Sources/TSI.o
 .bss           0x00000000        0x0 ./Sources/TSI.o
 .text.TSI_SelfCalibration
                0x00000000       0x10 ./Sources/TSI.o
 .debug_macro   0x00000000      0x850 ./Sources/TSI.o
 .debug_macro   0x00000000       0x16 ./Sources/TSI.o
 .debug_macro   0x00000000       0x44 ./Sources/TSI.o
 .debug_macro   0x00000000      0x209 ./Sources/TSI.o
 .debug_macro   0x00000000    0x174c1 ./Sources/TSI.o
 .debug_macro   0x00000000     0x1800 ./Sources/TSI.o
 .debug_macro   0x00000000      0x14e ./Sources/TSI.o
 .debug_macro   0x00000000       0x64 ./Sources/TSI.o
 .debug_macro   0x00000000       0x9a ./Sources/TSI.o
 .group         0x00000000        0x8 ./Sources/UART.o
 .group         0x00000000        0x8 ./Sources/UART.o
 .group         0x00000000        0x8 ./Sources/UART.o
 .group         0x00000000        0x8 ./Sources/UART.o
 .group         0x00000000        0x8 ./Sources/UART.o
 .group         0x00000000        0x8 ./Sources/UART.o
 .group         0x00000000        0x8 ./Sources/UART.o
 .group         0x00000000        0x8 ./Sources/UART.o
 .group         0x00000000        0x8 ./Sources/UART.o
 .text          0x00000000        0x0 ./Sources/UART.o
 .data          0x00000000        0x0 ./Sources/UART.o
 .bss           0x00000000        0x0 ./Sources/UART.o
 .text.UART_Poll
                0x00000000       0x60 ./Sources/UART.o
 .debug_macro   0x00000000      0x850 ./Sources/UART.o
 .debug_macro   0x00000000       0x16 ./Sources/UART.o
 .debug_macro   0x00000000       0x44 ./Sources/UART.o
 .debug_macro   0x00000000      0x209 ./Sources/UART.o
 .debug_macro   0x00000000     0x1800 ./Sources/UART.o
 .debug_macro   0x00000000      0x14e ./Sources/UART.o
 .debug_macro   0x00000000       0x64 ./Sources/UART.o
 .debug_macro   0x00000000    0x174c1 ./Sources/UART.o
 .debug_macro   0x00000000       0x9a ./Sources/UART.o
 .group         0x00000000        0x8 ./Sources/accel.o
 .group         0x00000000        0x8 ./Sources/accel.o
 .group         0x00000000        0x8 ./Sources/accel.o
 .group         0x00000000        0x8 ./Sources/accel.o
 .group         0x00000000        0x8 ./Sources/accel.o
 .text          0x00000000        0x0 ./Sources/accel.o
 .data          0x00000000        0x0 ./Sources/accel.o
 .bss           0x00000000        0x0 ./Sources/accel.o
 .bss.INT_SOURCE_Struct
                0x00000000        0x4 ./Sources/accel.o
 .bss.CTRL_REG1_Struct
                0x00000000        0x4 ./Sources/accel.o
 .bss.CTRL_REG3_Struct
                0x00000000        0x4 ./Sources/accel.o
 .bss.CTRL_REG4_Struct
                0x00000000        0x4 ./Sources/accel.o
 .bss.CTRL_REG5_Struct
                0x00000000        0x4 ./Sources/accel.o
 .debug_macro   0x00000000      0x850 ./Sources/accel.o
 .debug_macro   0x00000000       0x16 ./Sources/accel.o
 .debug_macro   0x00000000       0x44 ./Sources/accel.o
 .debug_macro   0x00000000      0x209 ./Sources/accel.o
 .debug_macro   0x00000000    0x174c1 ./Sources/accel.o
 .group         0x00000000        0x8 ./Sources/main.o
 .group         0x00000000        0x8 ./Sources/main.o
 .group         0x00000000        0x8 ./Sources/main.o
 .group         0x00000000        0x8 ./Sources/main.o
 .group         0x00000000        0x8 ./Sources/main.o
 .group         0x00000000        0x8 ./Sources/main.o
 .group         0x00000000        0x8 ./Sources/main.o
 .group         0x00000000        0x8 ./Sources/main.o
 .group         0x00000000        0x8 ./Sources/main.o
 .group         0x00000000        0x8 ./Sources/main.o
 .group         0x00000000        0x8 ./Sources/main.o
 .text          0x00000000        0x0 ./Sources/main.o
 .data          0x00000000        0x0 ./Sources/main.o
 .bss           0x00000000        0x0 ./Sources/main.o
 .rodata.BaudRate
                0x00000000        0x4 ./Sources/main.o
 .debug_macro   0x00000000      0x850 ./Sources/main.o
 .debug_macro   0x00000000       0x16 ./Sources/main.o
 .debug_macro   0x00000000       0x44 ./Sources/main.o
 .debug_macro   0x00000000      0x209 ./Sources/main.o
 .debug_macro   0x00000000     0x17fa ./Sources/main.o
 .debug_macro   0x00000000      0x14e ./Sources/main.o
 .debug_macro   0x00000000       0x64 ./Sources/main.o
 .debug_macro   0x00000000    0x174c1 ./Sources/main.o
 .debug_macro   0x00000000       0x9a ./Sources/main.o
 .debug_macro   0x00000000       0x28 ./Sources/main.o
 .group         0x00000000        0x8 ./Sources/median.o
 .group         0x00000000        0x8 ./Sources/median.o
 .group         0x00000000        0x8 ./Sources/median.o
 .group         0x00000000        0x8 ./Sources/median.o
 .text          0x00000000        0x0 ./Sources/median.o
 .data          0x00000000        0x0 ./Sources/median.o
 .bss           0x00000000        0x0 ./Sources/median.o
 .debug_macro   0x00000000      0x850 ./Sources/median.o
 .debug_macro   0x00000000       0x16 ./Sources/median.o
 .debug_macro   0x00000000       0x44 ./Sources/median.o
 .debug_macro   0x00000000      0x209 ./Sources/median.o
 .group         0x00000000        0x8 ./Sources/packet.o
 .group         0x00000000        0x8 ./Sources/packet.o
 .group         0x00000000        0x8 ./Sources/packet.o
 .group         0x00000000        0x8 ./Sources/packet.o
 .group         0x00000000        0x8 ./Sources/packet.o
 .text          0x00000000        0x0 ./Sources/packet.o
 .data          0x00000000        0x0 ./Sources/packet.o
 .bss           0x00000000        0x0 ./Sources/packet.o
 .debug_macro   0x00000000      0x850 ./Sources/packet.o
 .debug_macro   0x00000000       0x16 ./Sources/packet.o
 .debug_macro   0x00000000       0x44 ./Sources/packet.o
 .debug_macro   0x00000000      0x209 ./Sources/packet.o
 .group         0x00000000        0x8 ./Project_Settings/Startup_Code/startup.o
 .group         0x00000000        0x8 ./Project_Settings/Startup_Code/startup.o
 .group         0x00000000        0x8 ./Project_Settings/Startup_Code/startup.o
 .group         0x00000000        0x8 ./Project_Settings/Startup_Code/startup.o
 .group         0x00000000        0x8 ./Project_Settings/Startup_Code/startup.o
 .group         0x00000000        0x8 ./Project_Settings/Startup_Code/startup.o
 .group         0x00000000        0x8 ./Project_Settings/Startup_Code/startup.o
 .group         0x00000000        0x8 ./Project_Settings/Startup_Code/startup.o
 .group         0x00000000        0x8 ./Project_Settings/Startup_Code/startup.o
 .group         0x00000000        0x8 ./Project_Settings/Startup_Code/startup.o
 .group         0x00000000        0x8 ./Project_Settings/Startup_Code/startup.o
 .group         0x00000000        0x8 ./Project_Settings/Startup_Code/startup.o
 .group         0x00000000        0x8 ./Project_Settings/Startup_Code/startup.o
 .group         0x00000000        0x8 ./Project_Settings/Startup_Code/startup.o
 .group         0x00000000        0x8 ./Project_Settings/Startup_Code/startup.o
 .group         0x00000000        0x8 ./Project_Settings/Startup_Code/startup.o
 .group         0x00000000        0x8 ./Project_Settings/Startup_Code/startup.o
 .group         0x00000000        0x8 ./Project_Settings/Startup_Code/startup.o
 .group         0x00000000        0x8 ./Project_Settings/Startup_Code/startup.o
 .text          0x00000000        0x0 ./Project_Settings/Startup_Code/startup.o
 .data          0x00000000        0x0 ./Project_Settings/Startup_Code/startup.o
 .bss           0x00000000        0x0 ./Project_Settings/Startup_Code/startup.o
 .text.__init_hardware
                0x00000000        0xc ./Project_Settings/Startup_Code/startup.o
 .text.__iar_program_start
                0x00000000        0xc ./Project_Settings/Startup_Code/startup.o
 .debug_macro   0x00000000      0x850 ./Project_Settings/Startup_Code/startup.o
 .debug_macro   0x00000000       0x58 ./Project_Settings/Startup_Code/startup.o
 .debug_macro   0x00000000       0x16 ./Project_Settings/Startup_Code/startup.o
 .debug_macro   0x00000000       0x35 ./Project_Settings/Startup_Code/startup.o
 .debug_macro   0x00000000       0xa3 ./Project_Settings/Startup_Code/startup.o
 .debug_macro   0x00000000       0x52 ./Project_Settings/Startup_Code/startup.o
 .debug_macro   0x00000000       0x16 ./Project_Settings/Startup_Code/startup.o
 .debug_macro   0x00000000       0x43 ./Project_Settings/Startup_Code/startup.o
 .debug_macro   0x00000000      0x180 ./Project_Settings/Startup_Code/startup.o
 .debug_macro   0x00000000       0x16 ./Project_Settings/Startup_Code/startup.o
 .debug_macro   0x00000000       0x22 ./Project_Settings/Startup_Code/startup.o
 .group         0x00000000        0x8 ./Generated_Code/Cpu.o
 .group         0x00000000        0x8 ./Generated_Code/Cpu.o
 .group         0x00000000        0x8 ./Generated_Code/Cpu.o
 .group         0x00000000        0x8 ./Generated_Code/Cpu.o
 .group         0x00000000        0x8 ./Generated_Code/Cpu.o
 .group         0x00000000        0x8 ./Generated_Code/Cpu.o
 .group         0x00000000        0x8 ./Generated_Code/Cpu.o
 .group         0x00000000        0x8 ./Generated_Code/Cpu.o
 .group         0x00000000        0x8 ./Generated_Code/Cpu.o
 .text          0x00000000        0x0 ./Generated_Code/Cpu.o
 .data          0x00000000        0x0 ./Generated_Code/Cpu.o
 .bss           0x00000000        0x0 ./Generated_Code/Cpu.o
 .debug_macro   0x00000000      0x850 ./Generated_Code/Cpu.o
 .debug_macro   0x00000000       0x16 ./Generated_Code/Cpu.o
 .debug_macro   0x00000000       0x44 ./Generated_Code/Cpu.o
 .debug_macro   0x00000000      0x209 ./Generated_Code/Cpu.o
 .debug_macro   0x00000000     0x17fa ./Generated_Code/Cpu.o
 .debug_macro   0x00000000      0x14e ./Generated_Code/Cpu.o
 .debug_macro   0x00000000       0x64 ./Generated_Code/Cpu.o
 .debug_macro   0x00000000    0x174c1 ./Generated_Code/Cpu.o
 .group         0x00000000        0x8 ./Generated_Code/PE_LDD.o
 .group         0x00000000        0x8 ./Generated_Code/PE_LDD.o
 .group         0x00000000        0x8 ./Generated_Code/PE_LDD.o
 .group         0x00000000        0x8 ./Generated_Code/PE_LDD.o
 .group         0x00000000        0x8 ./Generated_Code/PE_LDD.o
 .group         0x00000000        0x8 ./Generated_Code/PE_LDD.o
 .group         0x00000000        0x8 ./Generated_Code/PE_LDD.o
 .group         0x00000000        0x8 ./Generated_Code/PE_LDD.o
 .group         0x00000000        0x8 ./Generated_Code/PE_LDD.o
 .text          0x00000000        0x0 ./Generated_Code/PE_LDD.o
 .data          0x00000000        0x0 ./Generated_Code/PE_LDD.o
 .bss           0x00000000        0x0 ./Generated_Code/PE_LDD.o
 .rodata.PE_CpuClockConfigurations
                0x00000000       0x28 ./Generated_Code/PE_LDD.o
 .text.PE_FillMemory
                0x00000000       0x24 ./Generated_Code/PE_LDD.o
 .text.PE_PeripheralUsed
                0x00000000       0x18 ./Generated_Code/PE_LDD.o
 .text.LDD_SetClockConfiguration
                0x00000000       0x14 ./Generated_Code/PE_LDD.o
 .debug_info    0x00000000      0x215 ./Generated_Code/PE_LDD.o
 .debug_abbrev  0x00000000       0xf3 ./Generated_Code/PE_LDD.o
 .debug_aranges
                0x00000000       0x30 ./Generated_Code/PE_LDD.o
 .debug_ranges  0x00000000       0x20 ./Generated_Code/PE_LDD.o
 .debug_macro   0x00000000       0x8f ./Generated_Code/PE_LDD.o
 .debug_macro   0x00000000      0x850 ./Generated_Code/PE_LDD.o
 .debug_macro   0x00000000       0x16 ./Generated_Code/PE_LDD.o
 .debug_macro   0x00000000       0x44 ./Generated_Code/PE_LDD.o
 .debug_macro   0x00000000      0x209 ./Generated_Code/PE_LDD.o
 .debug_macro   0x00000000     0x17fa ./Generated_Code/PE_LDD.o
 .debug_macro   0x00000000      0x14e ./Generated_Code/PE_LDD.o
 .debug_macro   0x00000000       0x64 ./Generated_Code/PE_LDD.o
 .debug_macro   0x00000000    0x174c1 ./Generated_Code/PE_LDD.o
 .debug_macro   0x00000000       0x9a ./Generated_Code/PE_LDD.o
 .debug_line    0x00000000      0x230 ./Generated_Code/PE_LDD.o
 .debug_str     0x00000000    0x8a780 ./Generated_Code/PE_LDD.o
 .comment       0x00000000       0x71 ./Generated_Code/PE_LDD.o
 .ARM.attributes
                0x00000000       0x39 ./Generated_Code/PE_LDD.o
 .debug_frame   0x00000000       0x64 ./Generated_Code/PE_LDD.o
 .group         0x00000000        0x8 ./Generated_Code/Vectors.o
 .group         0x00000000        0x8 ./Generated_Code/Vectors.o
 .group         0x00000000        0x8 ./Generated_Code/Vectors.o
 .group         0x00000000        0x8 ./Generated_Code/Vectors.o
 .group         0x00000000        0x8 ./Generated_Code/Vectors.o
 .group         0x00000000        0x8 ./Generated_Code/Vectors.o
 .group         0x00000000        0x8 ./Generated_Code/Vectors.o
 .group         0x00000000        0x8 ./Generated_Code/Vectors.o
 .group         0x00000000        0x8 ./Generated_Code/Vectors.o
 .text          0x00000000        0x0 ./Generated_Code/Vectors.o
 .data          0x00000000        0x0 ./Generated_Code/Vectors.o
 .bss           0x00000000        0x0 ./Generated_Code/Vectors.o
 .debug_macro   0x00000000      0x850 ./Generated_Code/Vectors.o
 .debug_macro   0x00000000       0x16 ./Generated_Code/Vectors.o
 .debug_macro   0x00000000       0x44 ./Generated_Code/Vectors.o
 .debug_macro   0x00000000      0x209 ./Generated_Code/Vectors.o
 .debug_macro   0x00000000     0x17fa ./Generated_Code/Vectors.o
 .debug_macro   0x00000000      0x14e ./Generated_Code/Vectors.o
 .debug_macro   0x00000000       0x64 ./Generated_Code/Vectors.o
 .debug_macro   0x00000000    0x174c1 ./Generated_Code/Vectors.o
 .debug_macro   0x00000000       0x9a ./Generated_Code/Vectors.o
 .text          0x00000000        0x0 c:/freescale/kds_3.0.0/toolchain/bin/../lib/gcc/arm-none-eabi/4.8.4/../../../../arm-none-eabi/lib/armv7e-m/fpu\libg_s.a(lib_a-exit.o)
 .data          0x00000000        0x0 c:/freescale/kds_3.0.0/toolchain/bin/../lib/gcc/arm-none-eabi/4.8.4/../../../../arm-none-eabi/lib/armv7e-m/fpu\libg_s.a(lib_a-exit.o)
 .bss           0x00000000        0x0 c:/freescale/kds_3.0.0/toolchain/bin/../lib/gcc/arm-none-eabi/4.8.4/../../../../arm-none-eabi/lib/armv7e-m/fpu\libg_s.a(lib_a-exit.o)
 .text          0x00000000        0x0 c:/freescale/kds_3.0.0/toolchain/bin/../lib/gcc/arm-none-eabi/4.8.4/../../../../arm-none-eabi/lib/armv7e-m/fpu\libg_s.a(lib_a-impure.o)
 .data          0x00000000        0x0 c:/freescale/kds_3.0.0/toolchain/bin/../lib/gcc/arm-none-eabi/4.8.4/../../../../arm-none-eabi/lib/armv7e-m/fpu\libg_s.a(lib_a-impure.o)
 .bss           0x00000000        0x0 c:/freescale/kds_3.0.0/toolchain/bin/../lib/gcc/arm-none-eabi/4.8.4/../../../../arm-none-eabi/lib/armv7e-m/fpu\libg_s.a(lib_a-impure.o)
 .data._impure_ptr
                0x00000000        0x4 c:/freescale/kds_3.0.0/toolchain/bin/../lib/gcc/arm-none-eabi/4.8.4/../../../../arm-none-eabi/lib/armv7e-m/fpu\libg_s.a(lib_a-impure.o)
 .text          0x00000000        0x0 c:/freescale/kds_3.0.0/toolchain/bin/../lib/gcc/arm-none-eabi/4.8.4/../../../../arm-none-eabi/lib/armv7e-m/fpu\libg_s.a(lib_a-init.o)
 .data          0x00000000        0x0 c:/freescale/kds_3.0.0/toolchain/bin/../lib/gcc/arm-none-eabi/4.8.4/../../../../arm-none-eabi/lib/armv7e-m/fpu\libg_s.a(lib_a-init.o)
 .bss           0x00000000        0x0 c:/freescale/kds_3.0.0/toolchain/bin/../lib/gcc/arm-none-eabi/4.8.4/../../../../arm-none-eabi/lib/armv7e-m/fpu\libg_s.a(lib_a-init.o)
 .text          0x00000000        0x0 c:/freescale/kds_3.0.0/toolchain/bin/../lib/gcc/arm-none-eabi/4.8.4/../../../../arm-none-eabi/lib/armv7e-m/fpu\libg_s.a(lib_a-memset.o)
 .data          0x00000000        0x0 c:/freescale/kds_3.0.0/toolchain/bin/../lib/gcc/arm-none-eabi/4.8.4/../../../../arm-none-eabi/lib/armv7e-m/fpu\libg_s.a(lib_a-memset.o)
 .bss           0x00000000        0x0 c:/freescale/kds_3.0.0/toolchain/bin/../lib/gcc/arm-none-eabi/4.8.4/../../../../arm-none-eabi/lib/armv7e-m/fpu\libg_s.a(lib_a-memset.o)
 .text          0x00000000        0x0 c:/freescale/kds_3.0.0/toolchain/bin/../lib/gcc/arm-none-eabi/4.8.4/../../../../arm-none-eabi/lib/armv7e-m/fpu\libnosys.a(_exit.o)
 .data          0x00000000        0x0 c:/freescale/kds_3.0.0/toolchain/bin/../lib/gcc/arm-none-eabi/4.8.4/../../../../arm-none-eabi/lib/armv7e-m/fpu\libnosys.a(_exit.o)
 .bss           0x00000000        0x0 c:/freescale/kds_3.0.0/toolchain/bin/../lib/gcc/arm-none-eabi/4.8.4/../../../../arm-none-eabi/lib/armv7e-m/fpu\libnosys.a(_exit.o)
 .text          0x00000000        0x0 c:/freescale/kds_3.0.0/toolchain/bin/../lib/gcc/arm-none-eabi/4.8.4/armv7e-m/fpu/crtend.o
 .data          0x00000000        0x0 c:/freescale/kds_3.0.0/toolchain/bin/../lib/gcc/arm-none-eabi/4.8.4/armv7e-m/fpu/crtend.o
 .bss           0x00000000        0x0 c:/freescale/kds_3.0.0/toolchain/bin/../lib/gcc/arm-none-eabi/4.8.4/armv7e-m/fpu/crtend.o
 .eh_frame      0x00000000        0x4 c:/freescale/kds_3.0.0/toolchain/bin/../lib/gcc/arm-none-eabi/4.8.4/armv7e-m/fpu/crtend.o
 .jcr           0x00000000        0x4 c:/freescale/kds_3.0.0/toolchain/bin/../lib/gcc/arm-none-eabi/4.8.4/armv7e-m/fpu/crtend.o
 .ARM.attributes
                0x00000000       0x34 c:/freescale/kds_3.0.0/toolchain/bin/../lib/gcc/arm-none-eabi/4.8.4/armv7e-m/fpu/crtend.o
 .text          0x00000000        0x0 c:/freescale/kds_3.0.0/toolchain/bin/../lib/gcc/arm-none-eabi/4.8.4/armv7e-m/fpu/crtn.o
 .data          0x00000000        0x0 c:/freescale/kds_3.0.0/toolchain/bin/../lib/gcc/arm-none-eabi/4.8.4/armv7e-m/fpu/crtn.o
 .bss           0x00000000        0x0 c:/freescale/kds_3.0.0/toolchain/bin/../lib/gcc/arm-none-eabi/4.8.4/armv7e-m/fpu/crtn.o

Memory Configuration

Name             Origin             Length             Attributes
m_interrupts     0x00000000         0x000001e8         xr
m_text           0x00000410         0x0007fbf0         xr
m_data           0x1fff0000         0x00010000         rw
m_data_20000000  0x20000000         0x00010000         rw
m_cfmprotrom     0x00000400         0x00000010         xr
*default*        0x00000000         0xffffffff

Linker script and memory map

LOAD c:/freescale/kds_3.0.0/toolchain/bin/../lib/gcc/arm-none-eabi/4.8.4/armv7e-m/fpu/crti.o
LOAD c:/freescale/kds_3.0.0/toolchain/bin/../lib/gcc/arm-none-eabi/4.8.4/armv7e-m/fpu/crtbegin.o
LOAD c:/freescale/kds_3.0.0/toolchain/bin/../lib/gcc/arm-none-eabi/4.8.4/../../../../arm-none-eabi/lib/armv7e-m/fpu/crt0.o
LOAD ./Sources/Debounce.o
LOAD ./Sources/Events.o
LOAD ./Sources/FIFO.o
LOAD ./Sources/FTM.o
LOAD ./Sources/Flash.o
LOAD ./Sources/Game.o
LOAD ./Sources/I2C.o
LOAD ./Sources/LEDS.o
LOAD ./Sources/PIT.o
LOAD ./Sources/RNG.o
LOAD ./Sources/RTC.o
LOAD ./Sources/TSI.o
LOAD ./Sources/UART.o
LOAD ./Sources/accel.o
LOAD ./Sources/main.o
LOAD ./Sources/median.o
LOAD ./Sources/packet.o
LOAD ./Project_Settings/Startup_Code/startup.o
LOAD ./Generated_Code/Cpu.o
LOAD ./Generated_Code/PE_LDD.o
LOAD ./Generated_Code/Vectors.o
LOAD c:/freescale/kds_3.0.0/toolchain/bin/../lib/gcc/arm-none-eabi/4.8.4/../../../../arm-none-eabi/lib/armv7e-m/fpu\libstdc++_s.a
LOAD c:/freescale/kds_3.0.0/toolchain/bin/../lib/gcc/arm-none-eabi/4.8.4/../../../../arm-none-eabi/lib/armv7e-m/fpu\libm.a
START GROUP
LOAD c:/freescale/kds_3.0.0/toolchain/bin/../lib/gcc/arm-none-eabi/4.8.4/armv7e-m/fpu\libgcc.a
LOAD c:/freescale/kds_3.0.0/toolchain/bin/../lib/gcc/arm-none-eabi/4.8.4/../../../../arm-none-eabi/lib/armv7e-m/fpu\libg_s.a
LOAD c:/freescale/kds_3.0.0/toolchain/bin/../lib/gcc/arm-none-eabi/4.8.4/../../../../arm-none-eabi/lib/armv7e-m/fpu\libc_s.a
END GROUP
START GROUP
LOAD c:/freescale/kds_3.0.0/toolchain/bin/../lib/gcc/arm-none-eabi/4.8.4/armv7e-m/fpu\libgcc.a
LOAD c:/freescale/kds_3.0.0/toolchain/bin/../lib/gcc/arm-none-eabi/4.8.4/../../../../arm-none-eabi/lib/armv7e-m/fpu\libc_s.a
LOAD c:/freescale/kds_3.0.0/toolchain/bin/../lib/gcc/arm-none-eabi/4.8.4/../../../../arm-none-eabi/lib/armv7e-m/fpu\libnosys.a
END GROUP
START GROUP
LOAD c:/freescale/kds_3.0.0/toolchain/bin/../lib/gcc/arm-none-eabi/4.8.4/armv7e-m/fpu\libgcc.a
LOAD c:/freescale/kds_3.0.0/toolchain/bin/../lib/gcc/arm-none-eabi/4.8.4/../../../../arm-none-eabi/lib/armv7e-m/fpu\libc_s.a
LOAD c:/freescale/kds_3.0.0/toolchain/bin/../lib/gcc/arm-none-eabi/4.8.4/../../../../arm-none-eabi/lib/armv7e-m/fpu\libnosys.a
END GROUP
LOAD c:/freescale/kds_3.0.0/toolchain/bin/../lib/gcc/arm-none-eabi/4.8.4/armv7e-m/fpu/crtend.o
LOAD c:/freescale/kds_3.0.0/toolchain/bin/../lib/gcc/arm-none-eabi/4.8.4/armv7e-m/fpu/crtn.o
                0x20000000                _estack = 0x20000000
                0x20000000                __SP_INIT = _estack
                0x20000000                __stack = _estack
                0x00000000                __heap_size = 0x0
                0x00000400                __stack_size = 0x400

.interrupts     0x00000000      0x1e8
                0x00000000                __vector_table = .
                0x00000000                . = ALIGN (0x4)
 *(.vectortable)
 .vectortable   0x00000000      0x1e8 ./Generated_Code/Vectors.o
                0x00000000                __vect_table
                0x000001e8                . = ALIGN (0x4)

.cfmprotect     0x00000400       0x10
                0x00000400                . = ALIGN (0x4)
 *(.cfmconfig)
 .cfmconfig     0x00000400       0x10 ./Generated_Code/Cpu.o
                0x00000400                _cfm
                0x00000410                . = ALIGN (0x4)

.text           0x00000410     0x25cc
                0x00000410                . = ALIGN (0x4)
 *(.text)
 .text          0x00000410       0x54 c:/freescale/kds_3.0.0/toolchain/bin/../lib/gcc/arm-none-eabi/4.8.4/armv7e-m/fpu/crtbegin.o
 .text          0x00000464       0x74 c:/freescale/kds_3.0.0/toolchain/bin/../lib/gcc/arm-none-eabi/4.8.4/../../../../arm-none-eabi/lib/armv7e-m/fpu/crt0.o
                0x00000464                _start
                0x00000464                _mainCRTStartup
 *(.text*)
 .text.FIFO_Init
                0x000004d8       0x2c ./Sources/FIFO.o
                0x000004d8                FIFO_Init
 .text.FIFO_Put
                0x00000504       0xe4 ./Sources/FIFO.o
                0x00000504                FIFO_Put
 .text.FIFO_Get
                0x000005e8       0xec ./Sources/FIFO.o
                0x000005e8                FIFO_Get
 .text.FTM_Init
                0x000006d4       0x94 ./Sources/FTM.o
                0x000006d4                FTM_Init
 .text.FTM_Set  0x00000768      0x1c8 ./Sources/FTM.o
                0x00000768                FTM_Set
 .text.FTM_StartTimer
                0x00000930       0x60 ./Sources/FTM.o
                0x00000930                FTM_StartTimer
 .text.FTM0_ISR
                0x00000990       0x48 ./Sources/FTM.o
                0x00000990                FTM0_ISR
 .text.Flash_Init
                0x000009d8       0x2c ./Sources/Flash.o
                0x000009d8                Flash_Init
 .text.Flash_WriteACommand
                0x00000a04       0xc4 ./Sources/Flash.o
 .text.Flash_WriteAPhrase
                0x00000ac8       0x38 ./Sources/Flash.o
 .text.Flash_Write32
                0x00000b00       0x60 ./Sources/Flash.o
                0x00000b00                Flash_Write32
 .text.Flash_Write16
                0x00000b60       0x58 ./Sources/Flash.o
                0x00000b60                Flash_Write16
 .text.Flash_Write8
                0x00000bb8       0x50 ./Sources/Flash.o
                0x00000bb8                Flash_Write8
 .text.Flash_Erase
                0x00000c08       0x24 ./Sources/Flash.o
                0x00000c08                Flash_Erase
 .text.I2C_Init
                0x00000c2c      0x158 ./Sources/I2C.o
                0x00000c2c                I2C_Init
 .text.I2C_SelectSlaveDevice
                0x00000d84       0x20 ./Sources/I2C.o
                0x00000d84                I2C_SelectSlaveDevice
 .text.I2C_Write
                0x00000da4       0x50 ./Sources/I2C.o
                0x00000da4                I2C_Write
 .text.I2C_PollRead
                0x00000df4       0xd4 ./Sources/I2C.o
                0x00000df4                I2C_PollRead
 .text.I2C_ISR  0x00000ec8       0x14 ./Sources/I2C.o
                0x00000ec8                I2C_ISR
 .text.I2C_waitForChannel
                0x00000edc       0x20 ./Sources/I2C.o
                0x00000edc                I2C_waitForChannel
 .text.I2C_waitForAck
                0x00000efc       0x30 ./Sources/I2C.o
                0x00000efc                I2C_waitForAck
 .text.I2C_start
                0x00000f2c       0x30 ./Sources/I2C.o
                0x00000f2c                I2C_start
 .text.I2C_stop
                0x00000f5c       0x30 ./Sources/I2C.o
                0x00000f5c                I2C_stop
 .text.I2C_reStart
                0x00000f8c       0x20 ./Sources/I2C.o
                0x00000f8c                I2C_reStart
 .text.I2C_MasterAck
                0x00000fac       0x40 ./Sources/I2C.o
                0x00000fac                I2C_MasterAck
 .text.pause1   0x00000fec       0x24 ./Sources/I2C.o
                0x00000fec                pause1
 .text.LEDs_Init
                0x00001010       0xa0 ./Sources/LEDS.o
                0x00001010                LEDs_Init
 .text.LEDs_On  0x000010b0       0x74 ./Sources/LEDS.o
                0x000010b0                LEDs_On
 .text.LEDs_Off
                0x00001124       0x74 ./Sources/LEDS.o
                0x00001124                LEDs_Off
 .text.LEDs_Toggle
                0x00001198       0x74 ./Sources/LEDS.o
                0x00001198                LEDs_Toggle
 .text.PIT_Init
                0x0000120c       0xc0 ./Sources/PIT.o
                0x0000120c                PIT_Init
 .text.PIT_Set  0x000012cc       0x84 ./Sources/PIT.o
                0x000012cc                PIT_Set
 .text.PIT_Enable
                0x00001350       0x40 ./Sources/PIT.o
                0x00001350                PIT_Enable
 .text.PIT_ISR  0x00001390       0x40 ./Sources/PIT.o
                0x00001390                PIT_ISR
 .text.RTC_Init
                0x000013d0       0xbc ./Sources/RTC.o
                0x000013d0                RTC_Init
 .text.RTC_Set  0x0000148c       0x78 ./Sources/RTC.o
                0x0000148c                RTC_Set
 .text.RTC_Get  0x00001504       0x9c ./Sources/RTC.o
                0x00001504                RTC_Get
 .text.RTC_ISR  0x000015a0       0x2c ./Sources/RTC.o
                0x000015a0                RTC_ISR
 .text.TSI_Init
                0x000015cc      0x120 ./Sources/TSI.o
                0x000015cc                TSI_Init
 .text.test     0x000016ec       0x58 ./Sources/TSI.o
                0x000016ec                test
 .text.UART_Init
                0x00001744      0x108 ./Sources/UART.o
                0x00001744                UART_Init
 .text.UART_InChar
                0x0000184c       0x28 ./Sources/UART.o
                0x0000184c                UART_InChar
 .text.UART_OutChar
                0x00001874       0x3c ./Sources/UART.o
                0x00001874                UART_OutChar
 .text.UART_ISR
                0x000018b0       0x70 ./Sources/UART.o
                0x000018b0                UART_ISR
 .text.Accel_Init
                0x00001920       0x74 ./Sources/accel.o
                0x00001920                Accel_Init
 .text.Accel_ReadXYZ
                0x00001994       0x80 ./Sources/accel.o
                0x00001994                Accel_ReadXYZ
 .text.Accel_SetMode
                0x00001a14       0xa4 ./Sources/accel.o
                0x00001a14                Accel_SetMode
 .text.AccelDataReady_ISR
                0x00001ab8       0x50 ./Sources/accel.o
                0x00001ab8                AccelDataReady_ISR
 .text.main     0x00001b08       0x5c ./Sources/main.o
                0x00001b08                main
 .text.Setup    0x00001b64      0x11c ./Sources/main.o
                0x00001b64                Setup
 .text.HandlePacket
                0x00001c80      0x124 ./Sources/main.o
                0x00001c80                HandlePacket
 .text.HandleStartUp
                0x00001da4       0x70 ./Sources/main.o
                0x00001da4                HandleStartUp
 .text.HandleSpecialCommand
                0x00001e14       0x14 ./Sources/main.o
                0x00001e14                HandleSpecialCommand
 .text.HandleTowerNumberCommand
                0x00001e28       0x60 ./Sources/main.o
                0x00001e28                HandleTowerNumberCommand
 .text.HandleTowerModeCommand
                0x00001e88       0x60 ./Sources/main.o
                0x00001e88                HandleTowerModeCommand
 .text.HandleFlashReadCommand
                0x00001ee8       0x2c ./Sources/main.o
                0x00001ee8                HandleFlashReadCommand
 .text.HandleFlashWriteCommand
                0x00001f14       0x40 ./Sources/main.o
                0x00001f14                HandleFlashWriteCommand
 .text.HandleRTCsetCommand
                0x00001f54       0x3c ./Sources/main.o
                0x00001f54                HandleRTCsetCommand
 .text.HandleProtocolModeCommand
                0x00001f90       0x74 ./Sources/main.o
                0x00001f90                HandleProtocolModeCommand
 .text.PIT_ISR_CALLBACK
                0x00002004       0x5c ./Sources/main.o
                0x00002004                PIT_ISR_CALLBACK
 .text.RTC_ISR_CALLBACK
                0x00002060       0x40 ./Sources/main.o
                0x00002060                RTC_ISR_CALLBACK
 .text.FTM0_ISR_Callback
                0x000020a0       0x20 ./Sources/main.o
                0x000020a0                FTM0_ISR_Callback
 .text.ACCEL_ReadCompleteISR_Callback
                0x000020c0       0x54 ./Sources/main.o
                0x000020c0                ACCEL_ReadCompleteISR_Callback
 .text.Median_Filter3
                0x00002114       0x68 ./Sources/median.o
                0x00002114                Median_Filter3
 .text.PacketChecksum
                0x0000217c       0x30 ./Sources/packet.o
                0x0000217c                PacketChecksum
 .text.Packet_Init
                0x000021ac       0x1c ./Sources/packet.o
                0x000021ac                Packet_Init
 .text.Packet_Get
                0x000021c8      0x130 ./Sources/packet.o
                0x000021c8                Packet_Get
 .text.Packet_Put
                0x000022f8       0x70 ./Sources/packet.o
                0x000022f8                Packet_Put
 .text.__copy_rom_section
                0x00002368       0xe4 ./Project_Settings/Startup_Code/startup.o
                0x00002368                __copy_rom_section
 .text.__copy_rom_sections_to_ram
                0x0000244c       0x9c ./Project_Settings/Startup_Code/startup.o
                0x0000244c                __copy_rom_sections_to_ram
 .text.__init_registers
                0x000024e8       0x20 ./Project_Settings/Startup_Code/startup.o
                0x000024e8                __init_registers
 .text.__init_user
                0x00002508        0xc ./Project_Settings/Startup_Code/startup.o
                0x00002508                __init_user
 .text.__thumb_startup
                0x00002514       0x34 ./Project_Settings/Startup_Code/startup.o
                0x00002514                __thumb_startup
 .text.Cpu_Interrupt
                0x00002548       0x18 ./Generated_Code/Cpu.o
                0x00002548                Cpu_Interrupt
 .text.__init_hardware
                0x00002560      0x1cc ./Generated_Code/Cpu.o
                0x00002560                __init_hardware
 .text.Cpu_SetBASEPRI
                0x0000272c       0x18 ./Generated_Code/Cpu.o
                0x0000272c                Cpu_SetBASEPRI
 .text.PE_low_level_init
                0x00002744       0xe4 ./Generated_Code/Cpu.o
                0x00002744                PE_low_level_init
 .text.exit     0x00002828       0x28 c:/freescale/kds_3.0.0/toolchain/bin/../lib/gcc/arm-none-eabi/4.8.4/../../../../arm-none-eabi/lib/armv7e-m/fpu\libg_s.a(lib_a-exit.o)
                0x00002828                exit
 .text.__libc_init_array
                0x00002850       0x4c c:/freescale/kds_3.0.0/toolchain/bin/../lib/gcc/arm-none-eabi/4.8.4/../../../../arm-none-eabi/lib/armv7e-m/fpu\libg_s.a(lib_a-init.o)
                0x00002850                __libc_init_array
 .text.memset   0x0000289c       0x10 c:/freescale/kds_3.0.0/toolchain/bin/../lib/gcc/arm-none-eabi/4.8.4/../../../../arm-none-eabi/lib/armv7e-m/fpu\libg_s.a(lib_a-memset.o)
                0x0000289c                memset
 .text._exit    0x000028ac        0x4 c:/freescale/kds_3.0.0/toolchain/bin/../lib/gcc/arm-none-eabi/4.8.4/../../../../arm-none-eabi/lib/armv7e-m/fpu\libnosys.a(_exit.o)
                0x000028ac                _exit
 *(.rodata)
 *(.rodata*)
 .rodata.scl    0x000028b0      0x100 ./Sources/I2C.o
                0x000028b0                scl
 .rodata.Mul    0x000029b0        0xc ./Sources/I2C.o
                0x000029b0                Mul
 .rodata.PACKET_ACK_MASK
                0x000029bc        0x1 ./Sources/packet.o
                0x000029bc                PACKET_ACK_MASK
 .rodata.str1.1
                0x000029bd        0x2 c:/freescale/kds_3.0.0/toolchain/bin/../lib/gcc/arm-none-eabi/4.8.4/../../../../arm-none-eabi/lib/armv7e-m/fpu\libg_s.a(lib_a-impure.o)
 *fill*         0x000029bf        0x1 
 .rodata._global_impure_ptr
                0x000029c0        0x4 c:/freescale/kds_3.0.0/toolchain/bin/../lib/gcc/arm-none-eabi/4.8.4/../../../../arm-none-eabi/lib/armv7e-m/fpu\libg_s.a(lib_a-impure.o)
                0x000029c0                _global_impure_ptr
 *(.glue_7)
 .glue_7        0x00000000        0x0 linker stubs
 *(.glue_7t)
 .glue_7t       0x00000000        0x0 linker stubs
 *(.eh_frame)
 .eh_frame      0x000029c4        0x0 c:/freescale/kds_3.0.0/toolchain/bin/../lib/gcc/arm-none-eabi/4.8.4/armv7e-m/fpu/crtbegin.o
 *(.init)
 .init          0x000029c4        0x4 c:/freescale/kds_3.0.0/toolchain/bin/../lib/gcc/arm-none-eabi/4.8.4/armv7e-m/fpu/crti.o
                0x000029c4                _init
 .init          0x000029c8        0x8 c:/freescale/kds_3.0.0/toolchain/bin/../lib/gcc/arm-none-eabi/4.8.4/armv7e-m/fpu/crtn.o
 *(.fini)
 .fini          0x000029d0        0x4 c:/freescale/kds_3.0.0/toolchain/bin/../lib/gcc/arm-none-eabi/4.8.4/armv7e-m/fpu/crti.o
                0x000029d0                _fini
 .fini          0x000029d4        0x8 c:/freescale/kds_3.0.0/toolchain/bin/../lib/gcc/arm-none-eabi/4.8.4/armv7e-m/fpu/crtn.o
                0x000029dc                . = ALIGN (0x4)
                0x000029dc                _etext = .

.vfp11_veneer   0x000029dc        0x0
 .vfp11_veneer  0x00000000        0x0 linker stubs

.v4_bx          0x000029dc        0x0
 .v4_bx         0x00000000        0x0 linker stubs

.iplt           0x000029dc        0x0
 .iplt          0x00000000        0x0 c:/freescale/kds_3.0.0/toolchain/bin/../lib/gcc/arm-none-eabi/4.8.4/armv7e-m/fpu/crtbegin.o

.ARM.extab
 *(.ARM.extab* .gnu.linkonce.armextab.*)

.ARM            0x000029dc        0x8
                0x000029dc                __exidx_start = .
 *(.ARM.exidx*)
 .ARM.exidx     0x000029dc        0x8 c:/freescale/kds_3.0.0/toolchain/bin/../lib/gcc/arm-none-eabi/4.8.4/../../../../arm-none-eabi/lib/armv7e-m/fpu/crt0.o
                0x000029e4                __exidx_end = .

.rel.dyn        0x000029e4        0x0
 .rel.iplt      0x00000000        0x0 c:/freescale/kds_3.0.0/toolchain/bin/../lib/gcc/arm-none-eabi/4.8.4/armv7e-m/fpu/crtbegin.o

.ctors          0x000029e4        0x0
                0x000029e4                __CTOR_LIST__ = .
 *crtbegin.o(.ctors)
 *(EXCLUDE_FILE(*crtend.o) .ctors)
 *(SORT(.ctors.*))
 *(.ctors)
                0x000029e4                __CTOR_END__ = .

.dtors          0x000029e4        0x0
                0x000029e4                __DTOR_LIST__ = .
 *crtbegin.o(.dtors)
 *(EXCLUDE_FILE(*crtend.o) .dtors)
 *(SORT(.dtors.*))
 *(.dtors)
                0x000029e4                __DTOR_END__ = .

.preinit_array  0x000029e4        0x0
                0x000029e4                PROVIDE (__preinit_array_start, .)
 *(.preinit_array*)
                0x000029e4                PROVIDE (__preinit_array_end, .)

.init_array     0x000029e4        0x4
                0x000029e4                PROVIDE (__init_array_start, .)
 *(SORT(.init_array.*))
 *(.init_array*)
 .init_array    0x000029e4        0x4 c:/freescale/kds_3.0.0/toolchain/bin/../lib/gcc/arm-none-eabi/4.8.4/armv7e-m/fpu/crtbegin.o
                0x000029e8                PROVIDE (__init_array_end, .)

.fini_array     0x000029e8        0x4
                0x000029e8                PROVIDE (__fini_array_start, .)
 *(SORT(.fini_array.*))
 *(.fini_array*)
 .fini_array    0x000029e8        0x4 c:/freescale/kds_3.0.0/toolchain/bin/../lib/gcc/arm-none-eabi/4.8.4/armv7e-m/fpu/crtbegin.o
                0x000029ec                PROVIDE (__fini_array_end, .)
                0x000029ec                ___ROM_AT = .

.data           0x1fff0000       0x6c load address 0x000029ec
                0x1fff0000                . = ALIGN (0x4)
                0x1fff0000                _sdata = .
 *(.data)
 *(.data*)
 .data.NumberPtr
                0x1fff0000        0x4 ./Sources/main.o
                0x1fff0000                NumberPtr
 .data.ModePtr  0x1fff0004        0x4 ./Sources/main.o
                0x1fff0004                ModePtr
 .data.tempPacketState.4083
                0x1fff0008        0x1 ./Sources/packet.o
 *fill*         0x1fff0009        0x3 
 .data.impure_data
                0x1fff000c       0x60 c:/freescale/kds_3.0.0/toolchain/bin/../lib/gcc/arm-none-eabi/4.8.4/../../../../arm-none-eabi/lib/armv7e-m/fpu\libg_s.a(lib_a-impure.o)
                0x1fff006c                . = ALIGN (0x4)
                0x1fff006c                _edata = .
                0x0000006c                ___data_size = (_edata - _sdata)
                0x00002a58                ___m_data_20000000_ROMStart = (___ROM_AT + SIZEOF (.data))

.jcr            0x1fff006c        0x0 load address 0x00002a58
 .jcr           0x1fff006c        0x0 c:/freescale/kds_3.0.0/toolchain/bin/../lib/gcc/arm-none-eabi/4.8.4/armv7e-m/fpu/crtbegin.o

.igot.plt       0x1fff006c        0x0 load address 0x00002a58
 .igot.plt      0x00000000        0x0 c:/freescale/kds_3.0.0/toolchain/bin/../lib/gcc/arm-none-eabi/4.8.4/armv7e-m/fpu/crtbegin.o

.m_data_20000000
                0x20000000        0x0 load address 0x00002a58
                0x20000000                . = ALIGN (0x4)
                0x20000000                ___m_data_20000000_RAMStart = .
 *(.m_data_20000000)
                0x20000000                ___m_data_20000000_RAMEnd = .
                0x20000000                . = ALIGN (0x4)
                0x00000000                ___m_data_20000000_ROMSize = (___m_data_20000000_RAMEnd - ___m_data_20000000_RAMStart)
                0x20000000                . = ALIGN (0x4)

.bss            0x1fff006c      0x2b8 load address 0x00002a58
                0x1fff006c                __START_BSS = .
                0x1fff006c                PROVIDE (__bss_start__, __START_BSS)
 *(.bss)
 .bss           0x1fff006c       0x1c c:/freescale/kds_3.0.0/toolchain/bin/../lib/gcc/arm-none-eabi/4.8.4/armv7e-m/fpu/crtbegin.o
 *(.bss*)
 .bss.GlobalArguments
                0x1fff0088        0x4 ./Sources/FTM.o
 .bss.GlobalFunction
                0x1fff008c        0x4 ./Sources/FTM.o
 .bss.GlobalArguments
                0x1fff0090        0x4 ./Sources/PIT.o
 .bss.GlobalFunction
                0x1fff0094        0x4 ./Sources/PIT.o
 .bss.GlobalFunction
                0x1fff0098        0x4 ./Sources/RTC.o
 .bss.GlobalArguments
                0x1fff009c        0x4 ./Sources/RTC.o
 .bss.GlobalDataReadyArguments
                0x1fff00a0        0x4 ./Sources/accel.o
 .bss.GlobalDataReadyFunction
                0x1fff00a4        0x4 ./Sources/accel.o
 .bss.GlobalReadCompleteArguments
                0x1fff00a8        0x4 ./Sources/accel.o
 .bss.GlobalReadCompleteFunction
                0x1fff00ac        0x4 ./Sources/accel.o
 .bss.tempPacketCommand.4084
                0x1fff00b0        0x1 ./Sources/packet.o
 .bss.tempPacketParameter1.4085
                0x1fff00b1        0x1 ./Sources/packet.o
 .bss.tempPacketParameter2.4086
                0x1fff00b2        0x1 ./Sources/packet.o
 .bss.tempPacketParameter3.4087
                0x1fff00b3        0x1 ./Sources/packet.o
 .bss.tempPacketChecksum.4088
                0x1fff00b4        0x1 ./Sources/packet.o
 .bss.SR_lock   0x1fff00b5        0x1 ./Generated_Code/Cpu.o
                0x1fff00b5                SR_lock
 *(COMMON)
 *fill*         0x1fff00b6        0x2 
 COMMON         0x1fff00b8        0xc ./Sources/I2C.o
                0x1fff00b8                baudRate
                0x1fff00bc                ThisPrimarySlaveAddress
                0x1fff00bd                mul
                0x1fff00be                icr
                0x1fff00c0                error
 COMMON         0x1fff00c4        0x4 ./Sources/PIT.o
                0x1fff00c4                Global_modClock
 COMMON         0x1fff00c8      0x20e ./Sources/UART.o
                0x1fff00c8                TxFIFO
                0x1fff01d0                RxFIFO
 *fill*         0x1fff02d6        0x2 
 COMMON         0x1fff02d8       0x42 ./Sources/main.o
                0x1fff02d8                AccelerometerValues
                0x1fff02dc                Accelerometer
                0x1fff02f0                aI2CModule
                0x1fff0300                Mode
                0x1fff0304                ThisTimer
                0x1fff0314                Number
                0x1fff0316                seconds
                0x1fff0317                minutes
                0x1fff0318                hours
                0x1fff0319                pMode
 *fill*         0x1fff031a        0x2 
 COMMON         0x1fff031c        0x5 ./Sources/packet.o
                0x1fff031c                Packet
 COMMON         0x1fff0321        0x1 ./Generated_Code/Cpu.o
                0x1fff0321                SR_reg
                0x1fff0324                . = ALIGN (0x4)
 *fill*         0x1fff0322        0x2 
                0x1fff0324                __END_BSS = .
                0x1fff0324                PROVIDE (__bss_end__, __END_BSS)
                0x00002a58                _romp_at = ((___ROM_AT + SIZEOF (.data)) + SIZEOF (.m_data_20000000))

.romp           0x1fff0324       0x24 load address 0x00002a58
                0x00002a58                __S_romp = _romp_at
                0x1fff0324        0x4 LONG 0x29ec ___ROM_AT
                0x1fff0328        0x4 LONG 0x1fff0000 _sdata
                0x1fff032c        0x4 LONG 0x6c ___data_size
                0x1fff0330        0x4 LONG 0x2a58 ___m_data_20000000_ROMStart
                0x1fff0334        0x4 LONG 0x20000000 ___m_data_20000000_RAMStart
                0x1fff0338        0x4 LONG 0x0 ___m_data_20000000_ROMSize
                0x1fff033c        0x4 LONG 0x0
                0x1fff0340        0x4 LONG 0x0
                0x1fff0344        0x4 LONG 0x0

._user_heap_stack
                0x1fff0348      0x400 load address 0x00002a7c
                0x1fff0348                . = ALIGN (0x4)
                0x1fff0348                PROVIDE (end, .)
                0x1fff0348                PROVIDE (_end, .)
                0x1fff0348                __heap_addr = .
                0x1fff0348                __HeapBase = .
                0x1fff0348                . = (. + __heap_size)
                0x1fff0348                __HeapLimit = .
                0x1fff0748                . = (. + __stack_size)
 *fill*         0x1fff0348      0x400 
                0x1fff0748                . = ALIGN (0x4)

.ARM.attributes
                0x00000000       0x30
 *(.ARM.attributes)
 .ARM.attributes
                0x00000000       0x22 c:/freescale/kds_3.0.0/toolchain/bin/../lib/gcc/arm-none-eabi/4.8.4/armv7e-m/fpu/crti.o
 .ARM.attributes
                0x00000022       0x34 c:/freescale/kds_3.0.0/toolchain/bin/../lib/gcc/arm-none-eabi/4.8.4/armv7e-m/fpu/crtbegin.o
 .ARM.attributes
                0x00000056       0x20 c:/freescale/kds_3.0.0/toolchain/bin/../lib/gcc/arm-none-eabi/4.8.4/../../../../arm-none-eabi/lib/armv7e-m/fpu/crt0.o
 .ARM.attributes
                0x00000076       0x39 ./Sources/FIFO.o
 .ARM.attributes
                0x000000af       0x39 ./Sources/FTM.o
 .ARM.attributes
                0x000000e8       0x39 ./Sources/Flash.o
 .ARM.attributes
                0x00000121       0x39 ./Sources/I2C.o
 .ARM.attributes
                0x0000015a       0x39 ./Sources/LEDS.o
 .ARM.attributes
                0x00000193       0x39 ./Sources/PIT.o
 .ARM.attributes
                0x000001cc       0x39 ./Sources/RTC.o
 .ARM.attributes
                0x00000205       0x39 ./Sources/TSI.o
 .ARM.attributes
                0x0000023e       0x39 ./Sources/UART.o
 .ARM.attributes
                0x00000277       0x39 ./Sources/accel.o
 .ARM.attributes
                0x000002b0       0x39 ./Sources/main.o
 .ARM.attributes
                0x000002e9       0x39 ./Sources/median.o
 .ARM.attributes
                0x00000322       0x39 ./Sources/packet.o
 .ARM.attributes
                0x0000035b       0x39 ./Project_Settings/Startup_Code/startup.o
 .ARM.attributes
                0x00000394       0x39 ./Generated_Code/Cpu.o
 .ARM.attributes
                0x000003cd       0x39 ./Generated_Code/Vectors.o
 .ARM.attributes
                0x00000406       0x34 c:/freescale/kds_3.0.0/toolchain/bin/../lib/gcc/arm-none-eabi/4.8.4/../../../../arm-none-eabi/lib/armv7e-m/fpu\libg_s.a(lib_a-exit.o)
 .ARM.attributes
                0x0000043a       0x34 c:/freescale/kds_3.0.0/toolchain/bin/../lib/gcc/arm-none-eabi/4.8.4/../../../../arm-none-eabi/lib/armv7e-m/fpu\libg_s.a(lib_a-impure.o)
 .ARM.attributes
                0x0000046e       0x34 c:/freescale/kds_3.0.0/toolchain/bin/../lib/gcc/arm-none-eabi/4.8.4/../../../../arm-none-eabi/lib/armv7e-m/fpu\libg_s.a(lib_a-init.o)
 .ARM.attributes
                0x000004a2       0x34 c:/freescale/kds_3.0.0/toolchain/bin/../lib/gcc/arm-none-eabi/4.8.4/../../../../arm-none-eabi/lib/armv7e-m/fpu\libg_s.a(lib_a-memset.o)
 .ARM.attributes
                0x000004d6       0x34 c:/freescale/kds_3.0.0/toolchain/bin/../lib/gcc/arm-none-eabi/4.8.4/../../../../arm-none-eabi/lib/armv7e-m/fpu\libnosys.a(_exit.o)
 .ARM.attributes
                0x0000050a       0x22 c:/freescale/kds_3.0.0/toolchain/bin/../lib/gcc/arm-none-eabi/4.8.4/armv7e-m/fpu/crtn.o
OUTPUT(Lab4.elf elf32-littlearm)

.debug_info     0x00000000     0x621c
 .debug_info    0x00000000      0x221 ./Sources/FIFO.o
 .debug_info    0x00000221      0x756 ./Sources/FTM.o
 .debug_info    0x00000977      0x8e0 ./Sources/Flash.o
 .debug_info    0x00001257      0x891 ./Sources/I2C.o
 .debug_info    0x00001ae8      0x4a9 ./Sources/LEDS.o
 .debug_info    0x00001f91      0x5b2 ./Sources/PIT.o
 .debug_info    0x00002543      0x630 ./Sources/RTC.o
 .debug_info    0x00002b73      0x59e ./Sources/TSI.o
 .debug_info    0x00003111      0x966 ./Sources/UART.o
 .debug_info    0x00003a77      0x95e ./Sources/accel.o
 .debug_info    0x000043d5      0x895 ./Sources/main.o
 .debug_info    0x00004c6a       0xd3 ./Sources/median.o
 .debug_info    0x00004d3d      0x39e ./Sources/packet.o
 .debug_info    0x000050db      0x3b0 ./Project_Settings/Startup_Code/startup.o
 .debug_info    0x0000548b      0xc82 ./Generated_Code/Cpu.o
 .debug_info    0x0000610d      0x10f ./Generated_Code/Vectors.o

.debug_abbrev   0x00000000     0x17d9
 .debug_abbrev  0x00000000      0x112 ./Sources/FIFO.o
 .debug_abbrev  0x00000112      0x1c0 ./Sources/FTM.o
 .debug_abbrev  0x000002d2      0x212 ./Sources/Flash.o
 .debug_abbrev  0x000004e4      0x20a ./Sources/I2C.o
 .debug_abbrev  0x000006ee      0x144 ./Sources/LEDS.o
 .debug_abbrev  0x00000832      0x19e ./Sources/PIT.o
 .debug_abbrev  0x000009d0      0x16c ./Sources/RTC.o
 .debug_abbrev  0x00000b3c      0x160 ./Sources/TSI.o
 .debug_abbrev  0x00000c9c      0x1ea ./Sources/UART.o
 .debug_abbrev  0x00000e86      0x1e4 ./Sources/accel.o
 .debug_abbrev  0x0000106a      0x24b ./Sources/main.o
 .debug_abbrev  0x000012b5       0x6c ./Sources/median.o
 .debug_abbrev  0x00001321      0x106 ./Sources/packet.o
 .debug_abbrev  0x00001427      0x189 ./Project_Settings/Startup_Code/startup.o
 .debug_abbrev  0x000015b0      0x185 ./Generated_Code/Cpu.o
 .debug_abbrev  0x00001735       0xa4 ./Generated_Code/Vectors.o

.debug_aranges  0x00000000      0x420
 .debug_aranges
                0x00000000       0x30 ./Sources/FIFO.o
 .debug_aranges
                0x00000030       0x38 ./Sources/FTM.o
 .debug_aranges
                0x00000068       0x60 ./Sources/Flash.o
 .debug_aranges
                0x000000c8       0x80 ./Sources/I2C.o
 .debug_aranges
                0x00000148       0x38 ./Sources/LEDS.o
 .debug_aranges
                0x00000180       0x38 ./Sources/PIT.o
 .debug_aranges
                0x000001b8       0x38 ./Sources/RTC.o
 .debug_aranges
                0x000001f0       0x30 ./Sources/TSI.o
 .debug_aranges
                0x00000220       0x40 ./Sources/UART.o
 .debug_aranges
                0x00000260       0x38 ./Sources/accel.o
 .debug_aranges
                0x00000298       0x90 ./Sources/main.o
 .debug_aranges
                0x00000328       0x20 ./Sources/median.o
 .debug_aranges
                0x00000348       0x38 ./Sources/packet.o
 .debug_aranges
                0x00000380       0x50 ./Project_Settings/Startup_Code/startup.o
 .debug_aranges
                0x000003d0       0x38 ./Generated_Code/Cpu.o
 .debug_aranges
                0x00000408       0x18 ./Generated_Code/Vectors.o

.debug_ranges   0x00000000      0x318
 .debug_ranges  0x00000000       0x20 ./Sources/FIFO.o
 .debug_ranges  0x00000020       0x28 ./Sources/FTM.o
 .debug_ranges  0x00000048       0x50 ./Sources/Flash.o
 .debug_ranges  0x00000098       0x70 ./Sources/I2C.o
 .debug_ranges  0x00000108       0x28 ./Sources/LEDS.o
 .debug_ranges  0x00000130       0x28 ./Sources/PIT.o
 .debug_ranges  0x00000158       0x28 ./Sources/RTC.o
 .debug_ranges  0x00000180       0x20 ./Sources/TSI.o
 .debug_ranges  0x000001a0       0x30 ./Sources/UART.o
 .debug_ranges  0x000001d0       0x28 ./Sources/accel.o
 .debug_ranges  0x000001f8       0x80 ./Sources/main.o
 .debug_ranges  0x00000278       0x10 ./Sources/median.o
 .debug_ranges  0x00000288       0x28 ./Sources/packet.o
 .debug_ranges  0x000002b0       0x40 ./Project_Settings/Startup_Code/startup.o
 .debug_ranges  0x000002f0       0x28 ./Generated_Code/Cpu.o

.debug_macro    0x00000000    0x1a5b9
 .debug_macro   0x00000000       0x9d ./Sources/FIFO.o
 .debug_macro   0x0000009d     0x1800 ./Sources/FIFO.o
 .debug_macro   0x0000189d       0x65 ./Sources/FTM.o
 .debug_macro   0x00001902       0x74 ./Sources/Flash.o
 .debug_macro   0x00001976       0x28 ./Sources/Flash.o
 .debug_macro   0x0000199e      0x10e ./Sources/I2C.o
 .debug_macro   0x00001aac       0x58 ./Sources/I2C.o
 .debug_macro   0x00001b04       0x35 ./Sources/I2C.o
 .debug_macro   0x00001b39       0xa3 ./Sources/I2C.o
 .debug_macro   0x00001bdc       0x16 ./Sources/I2C.o
 .debug_macro   0x00001bf2      0x10e ./Sources/I2C.o
 .debug_macro   0x00001d00       0x7f ./Sources/I2C.o
 .debug_macro   0x00001d7f       0x52 ./Sources/I2C.o
 .debug_macro   0x00001dd1       0x16 ./Sources/I2C.o
 .debug_macro   0x00001de7       0x43 ./Sources/I2C.o
 .debug_macro   0x00001e2a      0x180 ./Sources/I2C.o
 .debug_macro   0x00001faa       0x22 ./Sources/I2C.o
 .debug_macro   0x00001fcc       0x5f ./Sources/LEDS.o
 .debug_macro   0x0000202b       0x9b ./Sources/PIT.o
 .debug_macro   0x000020c6       0x9b ./Sources/RTC.o
 .debug_macro   0x00002161       0xa5 ./Sources/TSI.o
 .debug_macro   0x00002206       0xa7 ./Sources/UART.o
 .debug_macro   0x000022ad      0x196 ./Sources/accel.o
 .debug_macro   0x00002443      0x185 ./Sources/main.o
 .debug_macro   0x000025c8       0x34 ./Sources/main.o
 .debug_macro   0x000025fc       0x56 ./Sources/median.o
 .debug_macro   0x00002652       0x65 ./Sources/packet.o
 .debug_macro   0x000026b7       0x34 ./Sources/packet.o
 .debug_macro   0x000026eb      0x121 ./Project_Settings/Startup_Code/startup.o
 .debug_macro   0x0000280c      0x166 ./Project_Settings/Startup_Code/startup.o
 .debug_macro   0x00002972       0x4a ./Project_Settings/Startup_Code/startup.o
 .debug_macro   0x000029bc      0x2a6 ./Project_Settings/Startup_Code/startup.o
 .debug_macro   0x00002c62       0x10 ./Project_Settings/Startup_Code/startup.o
 .debug_macro   0x00002c72       0x35 ./Project_Settings/Startup_Code/startup.o
 .debug_macro   0x00002ca7       0x16 ./Project_Settings/Startup_Code/startup.o
 .debug_macro   0x00002cbd      0x20f ./Project_Settings/Startup_Code/startup.o
 .debug_macro   0x00002ecc    0x174af ./Project_Settings/Startup_Code/startup.o
 .debug_macro   0x0001a37b       0x9f ./Generated_Code/Cpu.o
 .debug_macro   0x0001a41a       0xa0 ./Generated_Code/Cpu.o
 .debug_macro   0x0001a4ba       0xff ./Generated_Code/Vectors.o

.debug_line     0x00000000     0x2b7a
 .debug_line    0x00000000      0x2c7 ./Sources/FIFO.o
 .debug_line    0x000002c7      0x225 ./Sources/FTM.o
 .debug_line    0x000004ec      0x2d6 ./Sources/Flash.o
 .debug_line    0x000007c2      0x39c ./Sources/I2C.o
 .debug_line    0x00000b5e      0x23f ./Sources/LEDS.o
 .debug_line    0x00000d9d      0x277 ./Sources/PIT.o
 .debug_line    0x00001014      0x27c ./Sources/RTC.o
 .debug_line    0x00001290      0x296 ./Sources/TSI.o
 .debug_line    0x00001526      0x2a1 ./Sources/UART.o
 .debug_line    0x000017c7      0x243 ./Sources/accel.o
 .debug_line    0x00001a0a      0x438 ./Sources/main.o
 .debug_line    0x00001e42      0x1b2 ./Sources/median.o
 .debug_line    0x00001ff4      0x203 ./Sources/packet.o
 .debug_line    0x000021f7      0x3ba ./Project_Settings/Startup_Code/startup.o
 .debug_line    0x000025b1      0x301 ./Generated_Code/Cpu.o
 .debug_line    0x000028b2      0x2c8 ./Generated_Code/Vectors.o

.debug_str      0x00000000    0x8ea5c
 .debug_str     0x00000000    0x8a523 ./Sources/FIFO.o
                              0x8a699 (size before relaxing)
 .debug_str     0x0008a523      0x3ce ./Sources/FTM.o
                              0x830c5 (size before relaxing)
 .debug_str     0x0008a8f1      0x350 ./Sources/Flash.o
                              0x83136 (size before relaxing)
 .debug_str     0x0008ac41     0x17ec ./Sources/I2C.o
                              0x8466f (size before relaxing)
 .debug_str     0x0008c42d       0xae ./Sources/LEDS.o
                              0x82ea5 (size before relaxing)
 .debug_str     0x0008c4db       0x98 ./Sources/PIT.o
                              0x8a820 (size before relaxing)
 .debug_str     0x0008c573       0x87 ./Sources/RTC.o
                              0x8a7ff (size before relaxing)
 .debug_str     0x0008c5fa      0x105 ./Sources/TSI.o
                              0x8a854 (size before relaxing)
 .debug_str     0x0008c6ff      0x119 ./Sources/UART.o
                              0x8a916 (size before relaxing)
 .debug_str     0x0008c818      0x9d3 ./Sources/accel.o
                              0x839d8 (size before relaxing)
 .debug_str     0x0008d1eb      0x4d2 ./Sources/main.o
                              0x8affa (size before relaxing)
 .debug_str     0x0008d6bd       0x23 ./Sources/median.o
                               0x2f31 (size before relaxing)
 .debug_str     0x0008d6e0       0xe8 ./Sources/packet.o
                               0x32d5 (size before relaxing)
 .debug_str     0x0008d7c8     0x108f ./Project_Settings/Startup_Code/startup.o
                              0x853e3 (size before relaxing)
 .debug_str     0x0008e857      0x1e9 ./Generated_Code/Cpu.o
                              0x8aa20 (size before relaxing)
 .debug_str     0x0008ea40       0x1c ./Generated_Code/Vectors.o
                              0x8a687 (size before relaxing)

.comment        0x00000000       0x70
 .comment       0x00000000       0x70 ./Sources/FIFO.o
                                 0x71 (size before relaxing)
 .comment       0x00000000       0x71 ./Sources/FTM.o
 .comment       0x00000000       0x71 ./Sources/Flash.o
 .comment       0x00000000       0x71 ./Sources/I2C.o
 .comment       0x00000000       0x71 ./Sources/LEDS.o
 .comment       0x00000000       0x71 ./Sources/PIT.o
 .comment       0x00000000       0x71 ./Sources/RTC.o
 .comment       0x00000000       0x71 ./Sources/TSI.o
 .comment       0x00000000       0x71 ./Sources/UART.o
 .comment       0x00000000       0x71 ./Sources/accel.o
 .comment       0x00000000       0x71 ./Sources/main.o
 .comment       0x00000000       0x71 ./Sources/median.o
 .comment       0x00000000       0x71 ./Sources/packet.o
 .comment       0x00000000       0x71 ./Project_Settings/Startup_Code/startup.o
 .comment       0x00000000       0x71 ./Generated_Code/Cpu.o
 .comment       0x00000000       0x71 ./Generated_Code/Vectors.o

.debug_frame    0x00000000      0xb18
 .debug_frame   0x00000000       0x64 ./Sources/FIFO.o
 .debug_frame   0x00000064       0x84 ./Sources/FTM.o
 .debug_frame   0x000000e8      0x120 ./Sources/Flash.o
 .debug_frame   0x00000208      0x178 ./Sources/I2C.o
 .debug_frame   0x00000380       0x80 ./Sources/LEDS.o
 .debug_frame   0x00000400       0x8c ./Sources/PIT.o
 .debug_frame   0x0000048c       0x88 ./Sources/RTC.o
 .debug_frame   0x00000514       0x60 ./Sources/TSI.o
 .debug_frame   0x00000574       0xb4 ./Sources/UART.o
 .debug_frame   0x00000628       0x94 ./Sources/accel.o
 .debug_frame   0x000006bc      0x1d4 ./Sources/main.o
 .debug_frame   0x00000890       0x2c ./Sources/median.o
 .debug_frame   0x000008bc       0x88 ./Sources/packet.o
 .debug_frame   0x00000944       0xc0 ./Project_Settings/Startup_Code/startup.o
 .debug_frame   0x00000a04       0x80 ./Generated_Code/Cpu.o
 .debug_frame   0x00000a84       0x28 c:/freescale/kds_3.0.0/toolchain/bin/../lib/gcc/arm-none-eabi/4.8.4/../../../../arm-none-eabi/lib/armv7e-m/fpu\libg_s.a(lib_a-exit.o)
 .debug_frame   0x00000aac       0x2c c:/freescale/kds_3.0.0/toolchain/bin/../lib/gcc/arm-none-eabi/4.8.4/../../../../arm-none-eabi/lib/armv7e-m/fpu\libg_s.a(lib_a-init.o)
 .debug_frame   0x00000ad8       0x20 c:/freescale/kds_3.0.0/toolchain/bin/../lib/gcc/arm-none-eabi/4.8.4/../../../../arm-none-eabi/lib/armv7e-m/fpu\libg_s.a(lib_a-memset.o)
 .debug_frame   0x00000af8       0x20 c:/freescale/kds_3.0.0/toolchain/bin/../lib/gcc/arm-none-eabi/4.8.4/../../../../arm-none-eabi/lib/armv7e-m/fpu\libnosys.a(_exit.o)
